2025-12-30T23:46:26.0645781Z Current runner version: '2.330.0'
2025-12-30T23:46:26.0672981Z ##[group]Runner Image Provisioner
2025-12-30T23:46:26.0673799Z Hosted Compute Agent
2025-12-30T23:46:26.0674299Z Version: 20251211.462
2025-12-30T23:46:26.0674822Z Commit: 6cbad8c2bb55d58165063d031ccabf57e2d2db61
2025-12-30T23:46:26.0675479Z Build Date: 2025-12-11T16:28:49Z
2025-12-30T23:46:26.0676028Z Worker ID: {38f240ed-43c5-43c6-99a8-27fe12ca43d1}
2025-12-30T23:46:26.0676671Z ##[endgroup]
2025-12-30T23:46:26.0677121Z ##[group]Operating System
2025-12-30T23:46:26.0677642Z Ubuntu
2025-12-30T23:46:26.0678050Z 24.04.3
2025-12-30T23:46:26.0678476Z LTS
2025-12-30T23:46:26.0678873Z ##[endgroup]
2025-12-30T23:46:26.0679328Z ##[group]Runner Image
2025-12-30T23:46:26.0679802Z Image: ubuntu-24.04
2025-12-30T23:46:26.0680245Z Version: 20251215.174.1
2025-12-30T23:46:26.0681152Z Included Software: https://github.com/actions/runner-images/blob/ubuntu24/20251215.174/images/ubuntu/Ubuntu2404-Readme.md
2025-12-30T23:46:26.0682651Z Image Release: https://github.com/actions/runner-images/releases/tag/ubuntu24%2F20251215.174
2025-12-30T23:46:26.0683545Z ##[endgroup]
2025-12-30T23:46:26.0684550Z ##[group]GITHUB_TOKEN Permissions
2025-12-30T23:46:26.0686654Z Contents: read
2025-12-30T23:46:26.0687129Z Metadata: read
2025-12-30T23:46:26.0687609Z Packages: write
2025-12-30T23:46:26.0688071Z ##[endgroup]
2025-12-30T23:46:26.0690379Z Secret source: Actions
2025-12-30T23:46:26.0691322Z Prepare workflow directory
2025-12-30T23:46:26.1348424Z Prepare all required actions
2025-12-30T23:46:26.1405556Z Getting action download info
2025-12-30T23:46:26.5560177Z Download action repository 'actions/checkout@v4' (SHA:34e114876b0b11c390a56381ad16ebd13914f8d5)
2025-12-30T23:46:26.6635563Z Download action repository 'actions/setup-go@v5' (SHA:40f1582b2485089dde7abd97c1529aa768e1baff)
2025-12-30T23:46:27.0307642Z Download action repository 'docker/setup-qemu-action@v3' (SHA:c7c53464625b32c7a7e944ae62b3e17d2b600130)
2025-12-30T23:46:27.4411113Z Download action repository 'docker/setup-buildx-action@v3' (SHA:8d2750c68a42422c14e847fe6c8ac0403b4cbd6f)
2025-12-30T23:46:27.8717650Z Download action repository 'docker/login-action@v3' (SHA:5e57cd118135c172c3672efd75eb46360885c0ef)
2025-12-30T23:46:28.3006028Z Download action repository 'docker/metadata-action@v5' (SHA:c299e40c65443455700f0fdfc63efafe5b349051)
2025-12-30T23:46:28.7710259Z Download action repository 'docker/build-push-action@v6' (SHA:263435318d21b8e681c14492fe198d362a7d2c83)
2025-12-30T23:46:29.3488369Z Complete job name: build
2025-12-30T23:46:29.3990705Z ##[group]Run actions/checkout@v4
2025-12-30T23:46:29.3991205Z with:
2025-12-30T23:46:29.3991463Z   repository: themicknugget/kube-actions-runner
2025-12-30T23:46:29.3991917Z   token: ***
2025-12-30T23:46:29.3992117Z   ssh-strict: true
2025-12-30T23:46:29.3992303Z   ssh-user: git
2025-12-30T23:46:29.3992513Z   persist-credentials: true
2025-12-30T23:46:29.3992909Z   clean: true
2025-12-30T23:46:29.3993118Z   sparse-checkout-cone-mode: true
2025-12-30T23:46:29.3993361Z   fetch-depth: 1
2025-12-30T23:46:29.3993568Z   fetch-tags: false
2025-12-30T23:46:29.3993753Z   show-progress: true
2025-12-30T23:46:29.3993950Z   lfs: false
2025-12-30T23:46:29.3994114Z   submodules: false
2025-12-30T23:46:29.3994304Z   set-safe-directory: true
2025-12-30T23:46:29.3994711Z env:
2025-12-30T23:46:29.3994870Z   REGISTRY: ghcr.io
2025-12-30T23:46:29.3995093Z   IMAGE_NAME: themicknugget/kube-actions-runner
2025-12-30T23:46:29.3995344Z ##[endgroup]
2025-12-30T23:46:29.5017864Z Syncing repository: themicknugget/kube-actions-runner
2025-12-30T23:46:29.5019237Z ##[group]Getting Git version info
2025-12-30T23:46:29.5019670Z Working directory is '/home/runner/work/kube-actions-runner/kube-actions-runner'
2025-12-30T23:46:29.5020497Z [command]/usr/bin/git version
2025-12-30T23:46:29.5074100Z git version 2.52.0
2025-12-30T23:46:29.5098165Z ##[endgroup]
2025-12-30T23:46:29.5120470Z Temporarily overriding HOME='/home/runner/work/_temp/3e99f6d7-e231-45ab-85e2-abc1336c99bf' before making global git config changes
2025-12-30T23:46:29.5122121Z Adding repository directory to the temporary git global config as a safe directory
2025-12-30T23:46:29.5127021Z [command]/usr/bin/git config --global --add safe.directory /home/runner/work/kube-actions-runner/kube-actions-runner
2025-12-30T23:46:29.5163845Z Deleting the contents of '/home/runner/work/kube-actions-runner/kube-actions-runner'
2025-12-30T23:46:29.5167140Z ##[group]Initializing the repository
2025-12-30T23:46:29.5171606Z [command]/usr/bin/git init /home/runner/work/kube-actions-runner/kube-actions-runner
2025-12-30T23:46:29.5268552Z hint: Using 'master' as the name for the initial branch. This default branch name
2025-12-30T23:46:29.5269693Z hint: will change to "main" in Git 3.0. To configure the initial branch name
2025-12-30T23:46:29.5270247Z hint: to use in all of your new repositories, which will suppress this warning,
2025-12-30T23:46:29.5270579Z hint: call:
2025-12-30T23:46:29.5270758Z hint:
2025-12-30T23:46:29.5271018Z hint: 	git config --global init.defaultBranch <name>
2025-12-30T23:46:29.5271311Z hint:
2025-12-30T23:46:29.5271695Z hint: Names commonly chosen instead of 'master' are 'main', 'trunk' and
2025-12-30T23:46:29.5272411Z hint: 'development'. The just-created branch can be renamed via this command:
2025-12-30T23:46:29.5273110Z hint:
2025-12-30T23:46:29.5273416Z hint: 	git branch -m <name>
2025-12-30T23:46:29.5273755Z hint:
2025-12-30T23:46:29.5274217Z hint: Disable this message with "git config set advice.defaultBranchName false"
2025-12-30T23:46:29.5275267Z Initialized empty Git repository in /home/runner/work/kube-actions-runner/kube-actions-runner/.git/
2025-12-30T23:46:29.5283568Z [command]/usr/bin/git remote add origin https://github.com/themicknugget/kube-actions-runner
2025-12-30T23:46:29.5310476Z ##[endgroup]
2025-12-30T23:46:29.5311124Z ##[group]Disabling automatic garbage collection
2025-12-30T23:46:29.5315542Z [command]/usr/bin/git config --local gc.auto 0
2025-12-30T23:46:29.5338101Z ##[endgroup]
2025-12-30T23:46:29.5338673Z ##[group]Setting up auth
2025-12-30T23:46:29.5345556Z [command]/usr/bin/git config --local --name-only --get-regexp core\.sshCommand
2025-12-30T23:46:29.5369212Z [command]/usr/bin/git submodule foreach --recursive sh -c "git config --local --name-only --get-regexp 'core\.sshCommand' && git config --local --unset-all 'core.sshCommand' || :"
2025-12-30T23:46:29.5668881Z [command]/usr/bin/git config --local --name-only --get-regexp http\.https\:\/\/github\.com\/\.extraheader
2025-12-30T23:46:29.5694663Z [command]/usr/bin/git submodule foreach --recursive sh -c "git config --local --name-only --get-regexp 'http\.https\:\/\/github\.com\/\.extraheader' && git config --local --unset-all 'http.https://github.com/.extraheader' || :"
2025-12-30T23:46:29.5862219Z [command]/usr/bin/git config --local --name-only --get-regexp ^includeIf\.gitdir:
2025-12-30T23:46:29.5887924Z [command]/usr/bin/git submodule foreach --recursive git config --local --show-origin --name-only --get-regexp remote.origin.url
2025-12-30T23:46:29.6056379Z [command]/usr/bin/git config --local http.https://github.com/.extraheader AUTHORIZATION: basic ***
2025-12-30T23:46:29.6082356Z ##[endgroup]
2025-12-30T23:46:29.6083618Z ##[group]Fetching the repository
2025-12-30T23:46:29.6090801Z [command]/usr/bin/git -c protocol.version=2 fetch --no-tags --prune --no-recurse-submodules --depth=1 origin +d56d55c57a00ef12678a8290379de61e061adfc1:refs/tags/v1.0.16
2025-12-30T23:46:29.8438794Z From https://github.com/themicknugget/kube-actions-runner
2025-12-30T23:46:29.8440626Z  * [new ref]         d56d55c57a00ef12678a8290379de61e061adfc1 -> v1.0.16
2025-12-30T23:46:29.8465910Z ##[endgroup]
2025-12-30T23:46:29.8466524Z ##[group]Determining the checkout info
2025-12-30T23:46:29.8467781Z ##[endgroup]
2025-12-30T23:46:29.8473753Z [command]/usr/bin/git sparse-checkout disable
2025-12-30T23:46:29.8511566Z [command]/usr/bin/git config --local --unset-all extensions.worktreeConfig
2025-12-30T23:46:29.8535401Z ##[group]Checking out the ref
2025-12-30T23:46:29.8539594Z [command]/usr/bin/git checkout --progress --force refs/tags/v1.0.16
2025-12-30T23:46:29.8613243Z Note: switching to 'refs/tags/v1.0.16'.
2025-12-30T23:46:29.8613617Z 
2025-12-30T23:46:29.8613974Z You are in 'detached HEAD' state. You can look around, make experimental
2025-12-30T23:46:29.8614741Z changes and commit them, and you can discard any commits you make in this
2025-12-30T23:46:29.8615417Z state without impacting any branches by switching back to a branch.
2025-12-30T23:46:29.8615845Z 
2025-12-30T23:46:29.8616149Z If you want to create a new branch to retain commits you create, you may
2025-12-30T23:46:29.8616844Z do so (now or later) by using -c with the switch command. Example:
2025-12-30T23:46:29.8617220Z 
2025-12-30T23:46:29.8617361Z   git switch -c <new-branch-name>
2025-12-30T23:46:29.8617614Z 
2025-12-30T23:46:29.8617767Z Or undo this operation with:
2025-12-30T23:46:29.8617980Z 
2025-12-30T23:46:29.8618097Z   git switch -
2025-12-30T23:46:29.8618302Z 
2025-12-30T23:46:29.8618645Z Turn off this advice by setting config variable advice.detachedHead to false
2025-12-30T23:46:29.8619085Z 
2025-12-30T23:46:29.8619380Z HEAD is now at d56d55c feat: add reconciler to pick up orphaned queued jobs
2025-12-30T23:46:29.8620864Z ##[endgroup]
2025-12-30T23:46:29.8654389Z [command]/usr/bin/git log -1 --format=%H
2025-12-30T23:46:29.8673820Z d56d55c57a00ef12678a8290379de61e061adfc1
2025-12-30T23:46:29.8850209Z ##[group]Run actions/setup-go@v5
2025-12-30T23:46:29.8850479Z with:
2025-12-30T23:46:29.8850649Z   go-version: 1.25.4
2025-12-30T23:46:29.8850845Z   check-latest: false
2025-12-30T23:46:29.8851161Z   token: ***
2025-12-30T23:46:29.8851324Z   cache: true
2025-12-30T23:46:29.8851495Z env:
2025-12-30T23:46:29.8851653Z   REGISTRY: ghcr.io
2025-12-30T23:46:29.8851879Z   IMAGE_NAME: themicknugget/kube-actions-runner
2025-12-30T23:46:29.8852134Z ##[endgroup]
2025-12-30T23:46:30.0373424Z Setup go version spec 1.25.4
2025-12-30T23:46:30.0395335Z Attempting to download 1.25.4...
2025-12-30T23:46:30.4645583Z matching 1.25.4...
2025-12-30T23:46:30.4675719Z Acquiring 1.25.4 from https://github.com/actions/go-versions/releases/download/1.25.4-19122936812/go-1.25.4-linux-x64.tar.gz
2025-12-30T23:46:30.9132862Z Extracting Go...
2025-12-30T23:46:30.9223087Z [command]/usr/bin/tar xz --warning=no-unknown-keyword --overwrite -C /home/runner/work/_temp/9fb7bd58-aca2-4273-af00-1d25a5342b55 -f /home/runner/work/_temp/b21cc088-9eed-473b-9708-389a715073c0
2025-12-30T23:46:32.5128668Z Successfully extracted go to /home/runner/work/_temp/9fb7bd58-aca2-4273-af00-1d25a5342b55
2025-12-30T23:46:32.5129274Z Adding to the cache ...
2025-12-30T23:46:35.9603243Z Successfully cached go to /opt/hostedtoolcache/go/1.25.4/x64
2025-12-30T23:46:35.9603761Z Added go to the path
2025-12-30T23:46:35.9605566Z Successfully set up Go version 1.25.4
2025-12-30T23:46:35.9776829Z [command]/opt/hostedtoolcache/go/1.25.4/x64/bin/go env GOMODCACHE
2025-12-30T23:46:35.9798776Z [command]/opt/hostedtoolcache/go/1.25.4/x64/bin/go env GOCACHE
2025-12-30T23:46:35.9824829Z /home/runner/go/pkg/mod
2025-12-30T23:46:35.9838835Z /home/runner/.cache/go-build
2025-12-30T23:46:36.1355318Z Cache hit for: setup-go-Linux-x64-ubuntu24-go-1.25.4-b21191b4298fd94c27f0d62c1c8adec9c633b0022ffbe75b67a6c42498df881e
2025-12-30T23:46:37.2457828Z Received 134217728 of 162283673 (82.7%), 128.0 MBs/sec
2025-12-30T23:46:37.3551222Z Received 162283673 of 162283673 (100.0%), 139.6 MBs/sec
2025-12-30T23:46:37.3551952Z Cache Size: ~155 MB (162283673 B)
2025-12-30T23:46:37.3605619Z [command]/usr/bin/tar -xf /home/runner/work/_temp/d81f46d4-44d3-48b1-a3bf-ac3b85acf420/cache.tzst -P -C /home/runner/work/kube-actions-runner/kube-actions-runner --use-compress-program unzstd
2025-12-30T23:46:38.2900901Z Cache restored successfully
2025-12-30T23:46:38.3095371Z Cache restored from key: setup-go-Linux-x64-ubuntu24-go-1.25.4-b21191b4298fd94c27f0d62c1c8adec9c633b0022ffbe75b67a6c42498df881e
2025-12-30T23:46:38.3116534Z go version go1.25.4 linux/amd64
2025-12-30T23:46:38.3116758Z 
2025-12-30T23:46:38.3117031Z ##[group]go env
2025-12-30T23:46:38.3659680Z AR='ar'
2025-12-30T23:46:38.3660064Z CC='gcc'
2025-12-30T23:46:38.3660395Z CGO_CFLAGS='-O2 -g'
2025-12-30T23:46:38.3660725Z CGO_CPPFLAGS=''
2025-12-30T23:46:38.3661050Z CGO_CXXFLAGS='-O2 -g'
2025-12-30T23:46:38.3661383Z CGO_ENABLED='1'
2025-12-30T23:46:38.3661670Z CGO_FFLAGS='-O2 -g'
2025-12-30T23:46:38.3661860Z CGO_LDFLAGS='-O2 -g'
2025-12-30T23:46:38.3662080Z CXX='g++'
2025-12-30T23:46:38.3662263Z GCCGO='gccgo'
2025-12-30T23:46:38.3662457Z GO111MODULE=''
2025-12-30T23:46:38.3662838Z GOAMD64='v1'
2025-12-30T23:46:38.3663065Z GOARCH='amd64'
2025-12-30T23:46:38.3663236Z GOAUTH='netrc'
2025-12-30T23:46:38.3663407Z GOBIN=''
2025-12-30T23:46:38.3663608Z GOCACHE='/home/runner/.cache/go-build'
2025-12-30T23:46:38.3663860Z GOCACHEPROG=''
2025-12-30T23:46:38.3664037Z GODEBUG=''
2025-12-30T23:46:38.3664227Z GOENV='/home/runner/.config/go/env'
2025-12-30T23:46:38.3664450Z GOEXE=''
2025-12-30T23:46:38.3664621Z GOEXPERIMENT=''
2025-12-30T23:46:38.3664808Z GOFIPS140='off'
2025-12-30T23:46:38.3664975Z GOFLAGS=''
2025-12-30T23:46:38.3665568Z GOGCCFLAGS='-fPIC -m64 -pthread -Wl,--no-gc-sections -fmessage-length=0 -ffile-prefix-map=/tmp/go-build2090424740=/tmp/go-build -gno-record-gcc-switches'
2025-12-30T23:46:38.3666145Z GOHOSTARCH='amd64'
2025-12-30T23:46:38.3666328Z GOHOSTOS='linux'
2025-12-30T23:46:38.3666511Z GOINSECURE=''
2025-12-30T23:46:38.3667081Z GOMOD='/home/runner/work/kube-actions-runner/kube-actions-runner/go.mod'
2025-12-30T23:46:38.3667453Z GOMODCACHE='/home/runner/go/pkg/mod'
2025-12-30T23:46:38.3667686Z GONOPROXY=''
2025-12-30T23:46:38.3667864Z GONOSUMDB=''
2025-12-30T23:46:38.3668039Z GOOS='linux'
2025-12-30T23:46:38.3668222Z GOPATH='/home/runner/go'
2025-12-30T23:46:38.3668425Z GOPRIVATE=''
2025-12-30T23:46:38.3668676Z GOPROXY='https://proxy.golang.org,direct'
2025-12-30T23:46:38.3668962Z GOROOT='/opt/hostedtoolcache/go/1.25.4/x64'
2025-12-30T23:46:38.3669222Z GOSUMDB='sum.golang.org'
2025-12-30T23:46:38.3669436Z GOTELEMETRY='local'
2025-12-30T23:46:38.3669670Z GOTELEMETRYDIR='/home/runner/.config/go/telemetry'
2025-12-30T23:46:38.3669942Z GOTMPDIR=''
2025-12-30T23:46:38.3670121Z GOTOOLCHAIN='auto'
2025-12-30T23:46:38.3670410Z GOTOOLDIR='/opt/hostedtoolcache/go/1.25.4/x64/pkg/tool/linux_amd64'
2025-12-30T23:46:38.3670722Z GOVCS=''
2025-12-30T23:46:38.3670895Z GOVERSION='go1.25.4'
2025-12-30T23:46:38.3671082Z GOWORK=''
2025-12-30T23:46:38.3671285Z PKG_CONFIG='pkg-config'
2025-12-30T23:46:38.3671425Z 
2025-12-30T23:46:38.3671720Z ##[endgroup]
2025-12-30T23:46:38.3779697Z ##[group]Run go test ./...
2025-12-30T23:46:38.3780133Z [36;1mgo test ./...[0m
2025-12-30T23:46:38.3804121Z shell: /usr/bin/bash -e {0}
2025-12-30T23:46:38.3804470Z env:
2025-12-30T23:46:38.3804783Z   REGISTRY: ghcr.io
2025-12-30T23:46:38.3805128Z   IMAGE_NAME: themicknugget/kube-actions-runner
2025-12-30T23:46:38.3805518Z ##[endgroup]
2025-12-30T23:46:39.0719268Z # github.com/kube-actions-runner/kube-actions-runner/internal/scaler
2025-12-30T23:46:39.0750798Z ##[error]internal/scaler/reconciler.go:179:14: matcher.Matches undefined (type LabelMatcher has no field or method Matches)
2025-12-30T23:46:39.2385160Z FAIL	github.com/kube-actions-runner/kube-actions-runner/cmd/kube-actions-runner [build failed]
2025-12-30T23:46:40.0191199Z ok  	github.com/kube-actions-runner/kube-actions-runner/internal/config	0.019s
2025-12-30T23:46:40.0193368Z ok  	github.com/kube-actions-runner/kube-actions-runner/internal/discovery	(cached)
2025-12-30T23:46:40.0194811Z ok  	github.com/kube-actions-runner/kube-actions-runner/internal/github	0.009s
2025-12-30T23:46:41.1763717Z ok  	github.com/kube-actions-runner/kube-actions-runner/internal/k8s	0.019s
2025-12-30T23:46:41.1764404Z ?   	github.com/kube-actions-runner/kube-actions-runner/internal/logger	[no test files]
2025-12-30T23:46:41.1765145Z ok  	github.com/kube-actions-runner/kube-actions-runner/internal/metrics	0.007s
2025-12-30T23:46:41.1765731Z FAIL	github.com/kube-actions-runner/kube-actions-runner/internal/scaler [build failed]
2025-12-30T23:46:41.1766351Z ok  	github.com/kube-actions-runner/kube-actions-runner/internal/tokens	(cached)
2025-12-30T23:46:41.4281688Z ok  	github.com/kube-actions-runner/kube-actions-runner/internal/webhook	0.003s
2025-12-30T23:46:41.4282526Z FAIL
2025-12-30T23:46:41.4401005Z ##[error]Process completed with exit code 1.
2025-12-30T23:46:41.4528973Z Post job cleanup.
2025-12-30T23:46:41.5402047Z [command]/usr/bin/git version
2025-12-30T23:46:41.5434446Z git version 2.52.0
2025-12-30T23:46:41.5472045Z Temporarily overriding HOME='/home/runner/work/_temp/b82f95d5-dbf1-43ac-ab8f-22d5d794d390' before making global git config changes
2025-12-30T23:46:41.5473313Z Adding repository directory to the temporary git global config as a safe directory
2025-12-30T23:46:41.5485827Z [command]/usr/bin/git config --global --add safe.directory /home/runner/work/kube-actions-runner/kube-actions-runner
2025-12-30T23:46:41.5517193Z [command]/usr/bin/git config --local --name-only --get-regexp core\.sshCommand
2025-12-30T23:46:41.5545910Z [command]/usr/bin/git submodule foreach --recursive sh -c "git config --local --name-only --get-regexp 'core\.sshCommand' && git config --local --unset-all 'core.sshCommand' || :"
2025-12-30T23:46:41.5732667Z [command]/usr/bin/git config --local --name-only --get-regexp http\.https\:\/\/github\.com\/\.extraheader
2025-12-30T23:46:41.5751506Z http.https://github.com/.extraheader
2025-12-30T23:46:41.5762472Z [command]/usr/bin/git config --local --unset-all http.https://github.com/.extraheader
2025-12-30T23:46:41.5788361Z [command]/usr/bin/git submodule foreach --recursive sh -c "git config --local --name-only --get-regexp 'http\.https\:\/\/github\.com\/\.extraheader' && git config --local --unset-all 'http.https://github.com/.extraheader' || :"
2025-12-30T23:46:41.5959247Z [command]/usr/bin/git config --local --name-only --get-regexp ^includeIf\.gitdir:
2025-12-30T23:46:41.5984724Z [command]/usr/bin/git submodule foreach --recursive git config --local --show-origin --name-only --get-regexp remote.origin.url
2025-12-30T23:46:41.6242325Z Cleaning up orphan processes
