2025-12-31T13:14:16.4067540Z Current runner version: '2.330.0'
2025-12-31T13:14:16.4101831Z ##[group]Runner Image Provisioner
2025-12-31T13:14:16.4103312Z Hosted Compute Agent
2025-12-31T13:14:16.4104238Z Version: 20251211.462
2025-12-31T13:14:16.4105298Z Commit: 6cbad8c2bb55d58165063d031ccabf57e2d2db61
2025-12-31T13:14:16.4106743Z Build Date: 2025-12-11T16:28:49Z
2025-12-31T13:14:16.4107774Z Worker ID: {7e3f776c-fc22-4282-a558-e7d5be0b43da}
2025-12-31T13:14:16.4109132Z ##[endgroup]
2025-12-31T13:14:16.4110005Z ##[group]Operating System
2025-12-31T13:14:16.4110945Z Ubuntu
2025-12-31T13:14:16.4111762Z 24.04.3
2025-12-31T13:14:16.4112543Z LTS
2025-12-31T13:14:16.4113261Z ##[endgroup]
2025-12-31T13:14:16.4114197Z ##[group]Runner Image
2025-12-31T13:14:16.4115116Z Image: ubuntu-24.04
2025-12-31T13:14:16.4116178Z Version: 20251215.174.1
2025-12-31T13:14:16.4118205Z Included Software: https://github.com/actions/runner-images/blob/ubuntu24/20251215.174/images/ubuntu/Ubuntu2404-Readme.md
2025-12-31T13:14:16.4120990Z Image Release: https://github.com/actions/runner-images/releases/tag/ubuntu24%2F20251215.174
2025-12-31T13:14:16.4122836Z ##[endgroup]
2025-12-31T13:14:16.4124665Z ##[group]GITHUB_TOKEN Permissions
2025-12-31T13:14:16.4127606Z Contents: read
2025-12-31T13:14:16.4128513Z Metadata: read
2025-12-31T13:14:16.4130031Z Packages: write
2025-12-31T13:14:16.4130954Z ##[endgroup]
2025-12-31T13:14:16.4134372Z Secret source: Actions
2025-12-31T13:14:16.4136221Z Prepare workflow directory
2025-12-31T13:14:16.4902826Z Prepare all required actions
2025-12-31T13:14:16.4961098Z Getting action download info
2025-12-31T13:14:16.8241215Z Download action repository 'actions/checkout@v4' (SHA:34e114876b0b11c390a56381ad16ebd13914f8d5)
2025-12-31T13:14:16.9493286Z Download action repository 'actions/setup-go@v5' (SHA:40f1582b2485089dde7abd97c1529aa768e1baff)
2025-12-31T13:14:17.1903162Z Download action repository 'docker/setup-qemu-action@v3' (SHA:c7c53464625b32c7a7e944ae62b3e17d2b600130)
2025-12-31T13:14:17.4336324Z Download action repository 'docker/setup-buildx-action@v3' (SHA:8d2750c68a42422c14e847fe6c8ac0403b4cbd6f)
2025-12-31T13:14:17.7183058Z Download action repository 'docker/login-action@v3' (SHA:5e57cd118135c172c3672efd75eb46360885c0ef)
2025-12-31T13:14:17.9955810Z Download action repository 'docker/metadata-action@v5' (SHA:c299e40c65443455700f0fdfc63efafe5b349051)
2025-12-31T13:14:18.4065741Z Download action repository 'docker/build-push-action@v6' (SHA:263435318d21b8e681c14492fe198d362a7d2c83)
2025-12-31T13:14:18.8214741Z Complete job name: build
2025-12-31T13:14:18.9006094Z ##[group]Run actions/checkout@v4
2025-12-31T13:14:18.9007367Z with:
2025-12-31T13:14:18.9008224Z   repository: themicknugget/kube-actions-runner
2025-12-31T13:14:18.9009574Z   token: ***
2025-12-31T13:14:18.9010296Z   ssh-strict: true
2025-12-31T13:14:18.9011073Z   ssh-user: git
2025-12-31T13:14:18.9011831Z   persist-credentials: true
2025-12-31T13:14:18.9012679Z   clean: true
2025-12-31T13:14:18.9013431Z   sparse-checkout-cone-mode: true
2025-12-31T13:14:18.9014359Z   fetch-depth: 1
2025-12-31T13:14:18.9015115Z   fetch-tags: false
2025-12-31T13:14:18.9015866Z   show-progress: true
2025-12-31T13:14:18.9016826Z   lfs: false
2025-12-31T13:14:18.9017529Z   submodules: false
2025-12-31T13:14:18.9018290Z   set-safe-directory: true
2025-12-31T13:14:18.9019435Z env:
2025-12-31T13:14:18.9020094Z   REGISTRY: ghcr.io
2025-12-31T13:14:18.9020958Z   IMAGE_NAME: themicknugget/kube-actions-runner
2025-12-31T13:14:18.9021969Z ##[endgroup]
2025-12-31T13:14:19.0108927Z Syncing repository: themicknugget/kube-actions-runner
2025-12-31T13:14:19.0111907Z ##[group]Getting Git version info
2025-12-31T13:14:19.0113448Z Working directory is '/home/runner/work/kube-actions-runner/kube-actions-runner'
2025-12-31T13:14:19.0115749Z [command]/usr/bin/git version
2025-12-31T13:14:19.0166955Z git version 2.52.0
2025-12-31T13:14:19.0193742Z ##[endgroup]
2025-12-31T13:14:19.0213131Z Temporarily overriding HOME='/home/runner/work/_temp/eb5cce4e-2e7d-4a9f-ac42-c90d5925d487' before making global git config changes
2025-12-31T13:14:19.0216369Z Adding repository directory to the temporary git global config as a safe directory
2025-12-31T13:14:19.0219532Z [command]/usr/bin/git config --global --add safe.directory /home/runner/work/kube-actions-runner/kube-actions-runner
2025-12-31T13:14:19.0256141Z Deleting the contents of '/home/runner/work/kube-actions-runner/kube-actions-runner'
2025-12-31T13:14:19.0259415Z ##[group]Initializing the repository
2025-12-31T13:14:19.0263488Z [command]/usr/bin/git init /home/runner/work/kube-actions-runner/kube-actions-runner
2025-12-31T13:14:19.0362574Z hint: Using 'master' as the name for the initial branch. This default branch name
2025-12-31T13:14:19.0364504Z hint: will change to "main" in Git 3.0. To configure the initial branch name
2025-12-31T13:14:19.0366903Z hint: to use in all of your new repositories, which will suppress this warning,
2025-12-31T13:14:19.0368891Z hint: call:
2025-12-31T13:14:19.0370087Z hint:
2025-12-31T13:14:19.0371626Z hint: 	git config --global init.defaultBranch <name>
2025-12-31T13:14:19.0372962Z hint:
2025-12-31T13:14:19.0374395Z hint: Names commonly chosen instead of 'master' are 'main', 'trunk' and
2025-12-31T13:14:19.0376484Z hint: 'development'. The just-created branch can be renamed via this command:
2025-12-31T13:14:19.0378329Z hint:
2025-12-31T13:14:19.0379348Z hint: 	git branch -m <name>
2025-12-31T13:14:19.0380396Z hint:
2025-12-31T13:14:19.0381560Z hint: Disable this message with "git config set advice.defaultBranchName false"
2025-12-31T13:14:19.0383799Z Initialized empty Git repository in /home/runner/work/kube-actions-runner/kube-actions-runner/.git/
2025-12-31T13:14:19.0387662Z [command]/usr/bin/git remote add origin https://github.com/themicknugget/kube-actions-runner
2025-12-31T13:14:19.0414285Z ##[endgroup]
2025-12-31T13:14:19.0415727Z ##[group]Disabling automatic garbage collection
2025-12-31T13:14:19.0418824Z [command]/usr/bin/git config --local gc.auto 0
2025-12-31T13:14:19.0448808Z ##[endgroup]
2025-12-31T13:14:19.0451107Z ##[group]Setting up auth
2025-12-31T13:14:19.0455847Z [command]/usr/bin/git config --local --name-only --get-regexp core\.sshCommand
2025-12-31T13:14:19.0488458Z [command]/usr/bin/git submodule foreach --recursive sh -c "git config --local --name-only --get-regexp 'core\.sshCommand' && git config --local --unset-all 'core.sshCommand' || :"
2025-12-31T13:14:19.0821330Z [command]/usr/bin/git config --local --name-only --get-regexp http\.https\:\/\/github\.com\/\.extraheader
2025-12-31T13:14:19.0853753Z [command]/usr/bin/git submodule foreach --recursive sh -c "git config --local --name-only --get-regexp 'http\.https\:\/\/github\.com\/\.extraheader' && git config --local --unset-all 'http.https://github.com/.extraheader' || :"
2025-12-31T13:14:19.1068478Z [command]/usr/bin/git config --local --name-only --get-regexp ^includeIf\.gitdir:
2025-12-31T13:14:19.1099192Z [command]/usr/bin/git submodule foreach --recursive git config --local --show-origin --name-only --get-regexp remote.origin.url
2025-12-31T13:14:19.1321038Z [command]/usr/bin/git config --local http.https://github.com/.extraheader AUTHORIZATION: basic ***
2025-12-31T13:14:19.1354979Z ##[endgroup]
2025-12-31T13:14:19.1357682Z ##[group]Fetching the repository
2025-12-31T13:14:19.1435713Z [command]/usr/bin/git -c protocol.version=2 fetch --no-tags --prune --no-recurse-submodules --depth=1 origin +aec33eebf9cd4489241991e3467d04dcd7a045a2:refs/tags/v1.0.25
2025-12-31T13:14:19.2971528Z From https://github.com/themicknugget/kube-actions-runner
2025-12-31T13:14:19.2975566Z  * [new ref]         aec33eebf9cd4489241991e3467d04dcd7a045a2 -> v1.0.25
2025-12-31T13:14:19.3007420Z ##[endgroup]
2025-12-31T13:14:19.3009551Z ##[group]Determining the checkout info
2025-12-31T13:14:19.3011877Z ##[endgroup]
2025-12-31T13:14:19.3013423Z [command]/usr/bin/git sparse-checkout disable
2025-12-31T13:14:19.3057489Z [command]/usr/bin/git config --local --unset-all extensions.worktreeConfig
2025-12-31T13:14:19.3086316Z ##[group]Checking out the ref
2025-12-31T13:14:19.3089736Z [command]/usr/bin/git checkout --progress --force refs/tags/v1.0.25
2025-12-31T13:14:19.3188961Z Note: switching to 'refs/tags/v1.0.25'.
2025-12-31T13:14:19.3191651Z 
2025-12-31T13:14:19.3192811Z You are in 'detached HEAD' state. You can look around, make experimental
2025-12-31T13:14:19.3195717Z changes and commit them, and you can discard any commits you make in this
2025-12-31T13:14:19.3198852Z state without impacting any branches by switching back to a branch.
2025-12-31T13:14:19.3200563Z 
2025-12-31T13:14:19.3201664Z If you want to create a new branch to retain commits you create, you may
2025-12-31T13:14:19.3204286Z do so (now or later) by using -c with the switch command. Example:
2025-12-31T13:14:19.3205827Z 
2025-12-31T13:14:19.3206668Z   git switch -c <new-branch-name>
2025-12-31T13:14:19.3207747Z 
2025-12-31T13:14:19.3208371Z Or undo this operation with:
2025-12-31T13:14:19.3209361Z 
2025-12-31T13:14:19.3209900Z   git switch -
2025-12-31T13:14:19.3210683Z 
2025-12-31T13:14:19.3211959Z Turn off this advice by setting config variable advice.detachedHead to false
2025-12-31T13:14:19.3213818Z 
2025-12-31T13:14:19.3215037Z HEAD is now at aec33ee feat: only run dind sidecar when docker label is present
2025-12-31T13:14:19.3220171Z ##[endgroup]
2025-12-31T13:14:19.3235605Z [command]/usr/bin/git log -1 --format=%H
2025-12-31T13:14:19.3258306Z aec33eebf9cd4489241991e3467d04dcd7a045a2
2025-12-31T13:14:19.3524260Z ##[group]Run actions/setup-go@v5
2025-12-31T13:14:19.3525160Z with:
2025-12-31T13:14:19.3525825Z   go-version: 1.25.4
2025-12-31T13:14:19.3526806Z   check-latest: false
2025-12-31T13:14:19.3527830Z   token: ***
2025-12-31T13:14:19.3528518Z   cache: true
2025-12-31T13:14:19.3529176Z env:
2025-12-31T13:14:19.3529822Z   REGISTRY: ghcr.io
2025-12-31T13:14:19.3530681Z   IMAGE_NAME: themicknugget/kube-actions-runner
2025-12-31T13:14:19.3531703Z ##[endgroup]
2025-12-31T13:14:19.5330799Z Setup go version spec 1.25.4
2025-12-31T13:14:19.5353779Z Attempting to download 1.25.4...
2025-12-31T13:14:19.8106191Z matching 1.25.4...
2025-12-31T13:14:19.8141514Z Acquiring 1.25.4 from https://github.com/actions/go-versions/releases/download/1.25.4-19122936812/go-1.25.4-linux-x64.tar.gz
2025-12-31T13:14:20.3410735Z Extracting Go...
2025-12-31T13:14:20.3522776Z [command]/usr/bin/tar xz --warning=no-unknown-keyword --overwrite -C /home/runner/work/_temp/c74107e1-f9f9-42a2-91de-b50e4815ea57 -f /home/runner/work/_temp/d17dce5a-c9c4-4cba-94c9-d88e37304355
2025-12-31T13:14:21.8096921Z Successfully extracted go to /home/runner/work/_temp/c74107e1-f9f9-42a2-91de-b50e4815ea57
2025-12-31T13:14:21.8097714Z Adding to the cache ...
2025-12-31T13:14:28.3656698Z Successfully cached go to /opt/hostedtoolcache/go/1.25.4/x64
2025-12-31T13:14:28.3659408Z Added go to the path
2025-12-31T13:14:28.3661864Z Successfully set up Go version 1.25.4
2025-12-31T13:14:28.3977838Z [command]/opt/hostedtoolcache/go/1.25.4/x64/bin/go env GOMODCACHE
2025-12-31T13:14:28.4006838Z [command]/opt/hostedtoolcache/go/1.25.4/x64/bin/go env GOCACHE
2025-12-31T13:14:28.4037521Z /home/runner/go/pkg/mod
2025-12-31T13:14:28.4055681Z /home/runner/.cache/go-build
2025-12-31T13:14:28.5653689Z Cache hit for: setup-go-Linux-x64-ubuntu24-go-1.25.4-b21191b4298fd94c27f0d62c1c8adec9c633b0022ffbe75b67a6c42498df881e
2025-12-31T13:14:29.4065153Z Received 162283673 of 162283673 (100.0%), 192.3 MBs/sec
2025-12-31T13:14:29.4066351Z Cache Size: ~155 MB (162283673 B)
2025-12-31T13:14:29.4126323Z [command]/usr/bin/tar -xf /home/runner/work/_temp/f0518901-64c3-4dfb-8d60-bbfa0de4f811/cache.tzst -P -C /home/runner/work/kube-actions-runner/kube-actions-runner --use-compress-program unzstd
2025-12-31T13:14:30.9233265Z Cache restored successfully
2025-12-31T13:14:30.9556265Z Cache restored from key: setup-go-Linux-x64-ubuntu24-go-1.25.4-b21191b4298fd94c27f0d62c1c8adec9c633b0022ffbe75b67a6c42498df881e
2025-12-31T13:14:30.9580883Z go version go1.25.4 linux/amd64
2025-12-31T13:14:30.9581209Z 
2025-12-31T13:14:30.9581582Z ##[group]go env
2025-12-31T13:14:30.9715263Z AR='ar'
2025-12-31T13:14:30.9715662Z CC='gcc'
2025-12-31T13:14:30.9716588Z CGO_CFLAGS='-O2 -g'
2025-12-31T13:14:30.9717069Z CGO_CPPFLAGS=''
2025-12-31T13:14:30.9717408Z CGO_CXXFLAGS='-O2 -g'
2025-12-31T13:14:30.9717815Z CGO_ENABLED='1'
2025-12-31T13:14:30.9718119Z CGO_FFLAGS='-O2 -g'
2025-12-31T13:14:30.9718905Z CGO_LDFLAGS='-O2 -g'
2025-12-31T13:14:30.9719327Z CXX='g++'
2025-12-31T13:14:30.9719635Z GCCGO='gccgo'
2025-12-31T13:14:30.9719946Z GO111MODULE=''
2025-12-31T13:14:30.9720270Z GOAMD64='v1'
2025-12-31T13:14:30.9720590Z GOARCH='amd64'
2025-12-31T13:14:30.9720922Z GOAUTH='netrc'
2025-12-31T13:14:30.9721208Z GOBIN=''
2025-12-31T13:14:30.9721530Z GOCACHE='/home/runner/.cache/go-build'
2025-12-31T13:14:30.9721925Z GOCACHEPROG=''
2025-12-31T13:14:30.9722232Z GODEBUG=''
2025-12-31T13:14:30.9722538Z GOENV='/home/runner/.config/go/env'
2025-12-31T13:14:30.9722897Z GOEXE=''
2025-12-31T13:14:30.9723176Z GOEXPERIMENT=''
2025-12-31T13:14:30.9723480Z GOFIPS140='off'
2025-12-31T13:14:30.9723756Z GOFLAGS=''
2025-12-31T13:14:30.9724717Z GOGCCFLAGS='-fPIC -m64 -pthread -Wl,--no-gc-sections -fmessage-length=0 -ffile-prefix-map=/tmp/go-build1772093328=/tmp/go-build -gno-record-gcc-switches'
2025-12-31T13:14:30.9726129Z GOHOSTARCH='amd64'
2025-12-31T13:14:30.9726512Z GOHOSTOS='linux'
2025-12-31T13:14:30.9726811Z GOINSECURE=''
2025-12-31T13:14:30.9727381Z GOMOD='/home/runner/work/kube-actions-runner/kube-actions-runner/go.mod'
2025-12-31T13:14:30.9728437Z GOMODCACHE='/home/runner/go/pkg/mod'
2025-12-31T13:14:30.9728859Z GONOPROXY=''
2025-12-31T13:14:30.9729156Z GONOSUMDB=''
2025-12-31T13:14:30.9729443Z GOOS='linux'
2025-12-31T13:14:30.9729733Z GOPATH='/home/runner/go'
2025-12-31T13:14:30.9730059Z GOPRIVATE=''
2025-12-31T13:14:30.9730633Z GOPROXY='https://proxy.golang.org,direct'
2025-12-31T13:14:30.9731148Z GOROOT='/opt/hostedtoolcache/go/1.25.4/x64'
2025-12-31T13:14:30.9731583Z GOSUMDB='sum.golang.org'
2025-12-31T13:14:30.9731923Z GOTELEMETRY='local'
2025-12-31T13:14:30.9732333Z GOTELEMETRYDIR='/home/runner/.config/go/telemetry'
2025-12-31T13:14:30.9732807Z GOTMPDIR=''
2025-12-31T13:14:30.9733123Z GOTOOLCHAIN='auto'
2025-12-31T13:14:30.9733646Z GOTOOLDIR='/opt/hostedtoolcache/go/1.25.4/x64/pkg/tool/linux_amd64'
2025-12-31T13:14:30.9734204Z GOVCS=''
2025-12-31T13:14:30.9734497Z GOVERSION='go1.25.4'
2025-12-31T13:14:30.9734823Z GOWORK=''
2025-12-31T13:14:30.9735122Z PKG_CONFIG='pkg-config'
2025-12-31T13:14:30.9735351Z 
2025-12-31T13:14:30.9735808Z ##[endgroup]
2025-12-31T13:14:30.9892382Z ##[group]Run go test ./...
2025-12-31T13:14:30.9892733Z [36;1mgo test ./...[0m
2025-12-31T13:14:30.9929559Z shell: /usr/bin/bash -e {0}
2025-12-31T13:14:30.9929821Z env:
2025-12-31T13:14:30.9929997Z   REGISTRY: ghcr.io
2025-12-31T13:14:30.9930238Z   IMAGE_NAME: themicknugget/kube-actions-runner
2025-12-31T13:14:30.9930520Z ##[endgroup]
2025-12-31T13:14:32.6200697Z ?   	github.com/kube-actions-runner/kube-actions-runner/cmd/kube-actions-runner	[no test files]
2025-12-31T13:14:33.0256899Z ok  	github.com/kube-actions-runner/kube-actions-runner/internal/config	0.042s
2025-12-31T13:14:33.0264075Z ok  	github.com/kube-actions-runner/kube-actions-runner/internal/discovery	0.004s
2025-12-31T13:14:33.0407496Z ok  	github.com/kube-actions-runner/kube-actions-runner/internal/github	0.011s
2025-12-31T13:14:34.4926474Z --- FAIL: TestBuildPodSpec_DinDMode (0.00s)
2025-12-31T13:14:34.4942130Z     jobs_test.go:117: expected 2 containers, got 1
2025-12-31T13:14:34.4942762Z --- FAIL: TestBuildPodSpec_DinDRootlessMode (0.00s)
2025-12-31T13:14:34.4943606Z     jobs_test.go:197: expected HostUsers to be false for dind-rootless mode
2025-12-31T13:14:34.4944566Z     jobs_test.go:210: dind-rootless container should be privileged (within user namespace)
2025-12-31T13:14:34.4945538Z     jobs_test.go:221: dind-rootless should have DOCKER_HOST env var for rootless socket
2025-12-31T13:14:34.4947598Z     jobs_test.go:225: expected default rootless image "ghcr.io/actions-runner-controller/actions-runner-controller/actions-runner-dind-rootless:ubuntu-22.04", got "ghcr.io/actions/actions-runner:2.330.0"
2025-12-31T13:14:34.4949010Z --- FAIL: TestBuildPodSpec_HostUsersSettings (0.00s)
2025-12-31T13:14:34.4950108Z     --- FAIL: TestBuildPodSpec_HostUsersSettings/dind-rootless (0.00s)
2025-12-31T13:14:34.4951391Z         jobs_test.go:278: dind-rootless mode should set hostUsers=false: expected hostUsers to be set
2025-12-31T13:14:34.4952209Z --- FAIL: TestBuildPodSpec_PrivilegedSettings (0.00s)
2025-12-31T13:14:34.4983018Z     --- FAIL: TestBuildPodSpec_PrivilegedSettings/dind (0.00s)
2025-12-31T13:14:34.4983885Z         jobs_test.go:320: container "dind" not found
2025-12-31T13:14:34.4984672Z     --- FAIL: TestBuildPodSpec_PrivilegedSettings/dind-rootless (0.00s)
2025-12-31T13:14:34.4986151Z         jobs_test.go:328: dind-rootless runner should be privileged: got privileged=false, want true
2025-12-31T13:14:34.4986822Z FAIL
2025-12-31T13:14:34.4987348Z FAIL	github.com/kube-actions-runner/kube-actions-runner/internal/k8s	0.024s
2025-12-31T13:14:34.4988196Z ?   	github.com/kube-actions-runner/kube-actions-runner/internal/logger	[no test files]
2025-12-31T13:14:34.4989075Z ok  	github.com/kube-actions-runner/kube-actions-runner/internal/metrics	0.006s
2025-12-31T13:14:34.6946177Z ok  	github.com/kube-actions-runner/kube-actions-runner/internal/scaler	0.017s
2025-12-31T13:14:34.6947106Z ok  	github.com/kube-actions-runner/kube-actions-runner/internal/tokens	0.003s
2025-12-31T13:14:34.8401311Z ok  	github.com/kube-actions-runner/kube-actions-runner/internal/webhook	0.003s
2025-12-31T13:14:34.8402150Z FAIL
2025-12-31T13:14:34.8729432Z ##[error]Process completed with exit code 1.
2025-12-31T13:14:34.8853325Z Post job cleanup.
2025-12-31T13:14:34.9799471Z [command]/usr/bin/git version
2025-12-31T13:14:34.9840691Z git version 2.52.0
2025-12-31T13:14:34.9884318Z Temporarily overriding HOME='/home/runner/work/_temp/304a1b23-7627-4c25-853c-ee301a3c2603' before making global git config changes
2025-12-31T13:14:34.9885529Z Adding repository directory to the temporary git global config as a safe directory
2025-12-31T13:14:34.9897970Z [command]/usr/bin/git config --global --add safe.directory /home/runner/work/kube-actions-runner/kube-actions-runner
2025-12-31T13:14:34.9934077Z [command]/usr/bin/git config --local --name-only --get-regexp core\.sshCommand
2025-12-31T13:14:34.9965505Z [command]/usr/bin/git submodule foreach --recursive sh -c "git config --local --name-only --get-regexp 'core\.sshCommand' && git config --local --unset-all 'core.sshCommand' || :"
2025-12-31T13:14:35.0194986Z [command]/usr/bin/git config --local --name-only --get-regexp http\.https\:\/\/github\.com\/\.extraheader
2025-12-31T13:14:35.0215866Z http.https://github.com/.extraheader
2025-12-31T13:14:35.0228421Z [command]/usr/bin/git config --local --unset-all http.https://github.com/.extraheader
2025-12-31T13:14:35.0257922Z [command]/usr/bin/git submodule foreach --recursive sh -c "git config --local --name-only --get-regexp 'http\.https\:\/\/github\.com\/\.extraheader' && git config --local --unset-all 'http.https://github.com/.extraheader' || :"
2025-12-31T13:14:35.0476268Z [command]/usr/bin/git config --local --name-only --get-regexp ^includeIf\.gitdir:
2025-12-31T13:14:35.0507650Z [command]/usr/bin/git submodule foreach --recursive git config --local --show-origin --name-only --get-regexp remote.origin.url
2025-12-31T13:14:35.0834357Z Cleaning up orphan processes
